// Jest Snapshot v1, https://goo.gl/fbAQLP

exports[`<Fetch /> Renders an error message when fetch fails and matches snapshot 1`] = `
<Fetch>
  <p>
    There has been an error...
  </p>
</Fetch>
`;

exports[`<Fetch /> Renders employee data when successfully fetching and matches snapshot 1`] = `
<Fetch>
  <div>
    <p>
      Showing 
      3
       results
    </p>
    <Pagination
      data={
        Array [
          Object {
            "avatar": "http://httpstat.us/503",
            "bio": "Lorem ipsum dolor sit amet, consectetur adipiscing elit.",
            "company": "Streich PLC",
            "name": "Benjamin Shields",
            "title": "Real Estate Sales Agent",
            "uuid": "123",
          },
          Object {
            "avatar": 0,
            "bio": "<p>Etiam ut mi sed neque elementum rhoncus.</p>",
            "company": "Landgraab Industries",
            "name": "Gregory Landgraab",
            "title": "CEO",
            "uuid": "456",
          },
          Object {
            "avatar": "http://placekitten.com/50/50",
            "bio": "<pre>Ut eget dui eleifend, pretium dui at, posuere dui.",
            "company": "Streich PLC",
            "name": "Bella Goth",
            "title": "Test Subject",
            "uuid": "789",
          },
        ]
      }
      perPage={100}
    >
      <div>
        <button
          className="prev"
          disabled={true}
          onClick={[Function]}
          type="button"
        >
          PREV
        </button>
        <span>
          Showing page 
          1
           of 
          1
        </span>
        <button
          className="next"
          disabled={true}
          onClick={[Function]}
          type="button"
        >
          NEXT
        </button>
        <div>
          SOME CHILD THING 
          1
        </div>
      </div>
    </Pagination>
    <styled.ul>
      <StyledComponent
        forwardedComponent={
          Object {
            "$$typeof": Symbol(react.forward_ref),
            "attrs": Array [],
            "componentStyle": ComponentStyle {
              "componentId": "sc-bZQynM",
              "isStatic": false,
              "lastClassName": "ctKNap",
              "rules": Array [
                "
    list-style: none;
    padding: 0;
    margin: 0 20px 20px 20px;
    text-align: left;
    background-color: ",
                [Function],
                ";
    box-shadow: ",
                [Function],
                ";
",
              ],
            },
            "displayName": "styled.ul",
            "foldedComponentIds": Array [],
            "render": [Function],
            "styledComponentId": "sc-bZQynM",
            "target": "ul",
            "toString": [Function],
            "warnTooManyClasses": [Function],
            "withComponent": [Function],
          }
        }
        forwardedRef={null}
      >
        <ul
          className="sc-bZQynM ctKNap"
        >
          <Employee
            employee={
              Object {
                "avatar": "http://httpstat.us/503",
                "bio": "Lorem ipsum dolor sit amet, consectetur adipiscing elit.",
                "company": "Streich PLC",
                "name": "Benjamin Shields",
                "title": "Real Estate Sales Agent",
                "uuid": "123",
              }
            }
            key="123"
          >
            <styled.li>
              <StyledComponent
                forwardedComponent={
                  Object {
                    "$$typeof": Symbol(react.forward_ref),
                    "attrs": Array [],
                    "componentStyle": ComponentStyle {
                      "componentId": "sc-bdVaJa",
                      "isStatic": true,
                      "lastClassName": "jOsBxC",
                      "rules": Array [
                        "
    display: flex;
    padding: 20px 0 0 20px;
",
                      ],
                    },
                    "displayName": "styled.li",
                    "foldedComponentIds": Array [],
                    "render": [Function],
                    "styledComponentId": "sc-bdVaJa",
                    "target": "li",
                    "toString": [Function],
                    "warnTooManyClasses": [Function],
                    "withComponent": [Function],
                  }
                }
                forwardedRef={null}
              >
                <li
                  className="sc-bdVaJa jOsBxC"
                >
                  <styled.div>
                    <StyledComponent
                      forwardedComponent={
                        Object {
                          "$$typeof": Symbol(react.forward_ref),
                          "attrs": Array [],
                          "componentStyle": ComponentStyle {
                            "componentId": "sc-bwzfXH",
                            "isStatic": true,
                            "lastClassName": "eIhTQf",
                            "rules": Array [
                              "
    border-radius: 50%;
    flex-shrink: 0;
    overflow: hidden;
    width: 50px;
    height: 50px;
    object-fit: cover;
",
                            ],
                          },
                          "displayName": "styled.div",
                          "foldedComponentIds": Array [],
                          "render": [Function],
                          "styledComponentId": "sc-bwzfXH",
                          "target": "div",
                          "toString": [Function],
                          "warnTooManyClasses": [Function],
                          "withComponent": [Function],
                        }
                      }
                      forwardedRef={null}
                    >
                      <div
                        className="sc-bwzfXH eIhTQf"
                      >
                        <img
                          alt="Benjamin Shields"
                          onError={[Function]}
                          src="http://httpstat.us/503"
                          width="50px"
                        />
                      </div>
                    </StyledComponent>
                  </styled.div>
                  <styled.div>
                    <StyledComponent
                      forwardedComponent={
                        Object {
                          "$$typeof": Symbol(react.forward_ref),
                          "attrs": Array [],
                          "componentStyle": ComponentStyle {
                            "componentId": "sc-htpNat",
                            "isStatic": false,
                            "lastClassName": "iGfYlM",
                            "rules": Array [
                              "
    margin-left: 20px;
    border-bottom: 1px solid ",
                              [Function],
                              ";
    flex-grow: 1;
    padding: 0 20px 20px 0;
",
                            ],
                          },
                          "displayName": "styled.div",
                          "foldedComponentIds": Array [],
                          "render": [Function],
                          "styledComponentId": "sc-htpNat",
                          "target": "div",
                          "toString": [Function],
                          "warnTooManyClasses": [Function],
                          "withComponent": [Function],
                        }
                      }
                      forwardedRef={null}
                    >
                      <div
                        className="sc-htpNat iGfYlM"
                      >
                        <h2>
                          Benjamin Shields
                        </h2>
                        <p>
                          Real Estate Sales Agent
                           at 
                          Streich PLC
                        </p>
                        <styled.p>
                          <StyledComponent
                            forwardedComponent={
                              Object {
                                "$$typeof": Symbol(react.forward_ref),
                                "attrs": Array [],
                                "componentStyle": ComponentStyle {
                                  "componentId": "sc-bxivhb",
                                  "isStatic": false,
                                  "lastClassName": "hJmXeG",
                                  "rules": Array [
                                    "
    font-size: 0.875rem;
    color: ",
                                    [Function],
                                    ";
",
                                  ],
                                },
                                "displayName": "styled.p",
                                "foldedComponentIds": Array [],
                                "render": [Function],
                                "styledComponentId": "sc-bxivhb",
                                "target": "p",
                                "toString": [Function],
                                "warnTooManyClasses": [Function],
                                "withComponent": [Function],
                              }
                            }
                            forwardedRef={null}
                          >
                            <p
                              className="sc-bxivhb hJmXeG"
                            >
                              Lorem ipsum dolor sit amet, consectetur adipiscing elit.
                            </p>
                          </StyledComponent>
                        </styled.p>
                      </div>
                    </StyledComponent>
                  </styled.div>
                </li>
              </StyledComponent>
            </styled.li>
          </Employee>
          <Employee
            employee={
              Object {
                "avatar": 0,
                "bio": "<p>Etiam ut mi sed neque elementum rhoncus.</p>",
                "company": "Landgraab Industries",
                "name": "Gregory Landgraab",
                "title": "CEO",
                "uuid": "456",
              }
            }
            key="456"
          >
            <styled.li>
              <StyledComponent
                forwardedComponent={
                  Object {
                    "$$typeof": Symbol(react.forward_ref),
                    "attrs": Array [],
                    "componentStyle": ComponentStyle {
                      "componentId": "sc-bdVaJa",
                      "isStatic": true,
                      "lastClassName": "jOsBxC",
                      "rules": Array [
                        "
    display: flex;
    padding: 20px 0 0 20px;
",
                      ],
                    },
                    "displayName": "styled.li",
                    "foldedComponentIds": Array [],
                    "render": [Function],
                    "styledComponentId": "sc-bdVaJa",
                    "target": "li",
                    "toString": [Function],
                    "warnTooManyClasses": [Function],
                    "withComponent": [Function],
                  }
                }
                forwardedRef={null}
              >
                <li
                  className="sc-bdVaJa jOsBxC"
                >
                  <styled.div>
                    <StyledComponent
                      forwardedComponent={
                        Object {
                          "$$typeof": Symbol(react.forward_ref),
                          "attrs": Array [],
                          "componentStyle": ComponentStyle {
                            "componentId": "sc-bwzfXH",
                            "isStatic": true,
                            "lastClassName": "eIhTQf",
                            "rules": Array [
                              "
    border-radius: 50%;
    flex-shrink: 0;
    overflow: hidden;
    width: 50px;
    height: 50px;
    object-fit: cover;
",
                            ],
                          },
                          "displayName": "styled.div",
                          "foldedComponentIds": Array [],
                          "render": [Function],
                          "styledComponentId": "sc-bwzfXH",
                          "target": "div",
                          "toString": [Function],
                          "warnTooManyClasses": [Function],
                          "withComponent": [Function],
                        }
                      }
                      forwardedRef={null}
                    >
                      <div
                        className="sc-bwzfXH eIhTQf"
                      >
                        <img
                          alt="Gregory Landgraab"
                          onError={[Function]}
                          src={0}
                          width="50px"
                        />
                      </div>
                    </StyledComponent>
                  </styled.div>
                  <styled.div>
                    <StyledComponent
                      forwardedComponent={
                        Object {
                          "$$typeof": Symbol(react.forward_ref),
                          "attrs": Array [],
                          "componentStyle": ComponentStyle {
                            "componentId": "sc-htpNat",
                            "isStatic": false,
                            "lastClassName": "iGfYlM",
                            "rules": Array [
                              "
    margin-left: 20px;
    border-bottom: 1px solid ",
                              [Function],
                              ";
    flex-grow: 1;
    padding: 0 20px 20px 0;
",
                            ],
                          },
                          "displayName": "styled.div",
                          "foldedComponentIds": Array [],
                          "render": [Function],
                          "styledComponentId": "sc-htpNat",
                          "target": "div",
                          "toString": [Function],
                          "warnTooManyClasses": [Function],
                          "withComponent": [Function],
                        }
                      }
                      forwardedRef={null}
                    >
                      <div
                        className="sc-htpNat iGfYlM"
                      >
                        <h2>
                          Gregory Landgraab
                        </h2>
                        <p>
                          CEO
                           at 
                          Landgraab Industries
                        </p>
                        <styled.p>
                          <StyledComponent
                            forwardedComponent={
                              Object {
                                "$$typeof": Symbol(react.forward_ref),
                                "attrs": Array [],
                                "componentStyle": ComponentStyle {
                                  "componentId": "sc-bxivhb",
                                  "isStatic": false,
                                  "lastClassName": "hJmXeG",
                                  "rules": Array [
                                    "
    font-size: 0.875rem;
    color: ",
                                    [Function],
                                    ";
",
                                  ],
                                },
                                "displayName": "styled.p",
                                "foldedComponentIds": Array [],
                                "render": [Function],
                                "styledComponentId": "sc-bxivhb",
                                "target": "p",
                                "toString": [Function],
                                "warnTooManyClasses": [Function],
                                "withComponent": [Function],
                              }
                            }
                            forwardedRef={null}
                          >
                            <p
                              className="sc-bxivhb hJmXeG"
                            >
                              Etiam ut mi sed neque elementum rhoncus.
                            </p>
                          </StyledComponent>
                        </styled.p>
                      </div>
                    </StyledComponent>
                  </styled.div>
                </li>
              </StyledComponent>
            </styled.li>
          </Employee>
          <Employee
            employee={
              Object {
                "avatar": "http://placekitten.com/50/50",
                "bio": "<pre>Ut eget dui eleifend, pretium dui at, posuere dui.",
                "company": "Streich PLC",
                "name": "Bella Goth",
                "title": "Test Subject",
                "uuid": "789",
              }
            }
            key="789"
          >
            <styled.li>
              <StyledComponent
                forwardedComponent={
                  Object {
                    "$$typeof": Symbol(react.forward_ref),
                    "attrs": Array [],
                    "componentStyle": ComponentStyle {
                      "componentId": "sc-bdVaJa",
                      "isStatic": true,
                      "lastClassName": "jOsBxC",
                      "rules": Array [
                        "
    display: flex;
    padding: 20px 0 0 20px;
",
                      ],
                    },
                    "displayName": "styled.li",
                    "foldedComponentIds": Array [],
                    "render": [Function],
                    "styledComponentId": "sc-bdVaJa",
                    "target": "li",
                    "toString": [Function],
                    "warnTooManyClasses": [Function],
                    "withComponent": [Function],
                  }
                }
                forwardedRef={null}
              >
                <li
                  className="sc-bdVaJa jOsBxC"
                >
                  <styled.div>
                    <StyledComponent
                      forwardedComponent={
                        Object {
                          "$$typeof": Symbol(react.forward_ref),
                          "attrs": Array [],
                          "componentStyle": ComponentStyle {
                            "componentId": "sc-bwzfXH",
                            "isStatic": true,
                            "lastClassName": "eIhTQf",
                            "rules": Array [
                              "
    border-radius: 50%;
    flex-shrink: 0;
    overflow: hidden;
    width: 50px;
    height: 50px;
    object-fit: cover;
",
                            ],
                          },
                          "displayName": "styled.div",
                          "foldedComponentIds": Array [],
                          "render": [Function],
                          "styledComponentId": "sc-bwzfXH",
                          "target": "div",
                          "toString": [Function],
                          "warnTooManyClasses": [Function],
                          "withComponent": [Function],
                        }
                      }
                      forwardedRef={null}
                    >
                      <div
                        className="sc-bwzfXH eIhTQf"
                      >
                        <img
                          alt="Bella Goth"
                          onError={[Function]}
                          src="http://placekitten.com/50/50"
                          width="50px"
                        />
                      </div>
                    </StyledComponent>
                  </styled.div>
                  <styled.div>
                    <StyledComponent
                      forwardedComponent={
                        Object {
                          "$$typeof": Symbol(react.forward_ref),
                          "attrs": Array [],
                          "componentStyle": ComponentStyle {
                            "componentId": "sc-htpNat",
                            "isStatic": false,
                            "lastClassName": "iGfYlM",
                            "rules": Array [
                              "
    margin-left: 20px;
    border-bottom: 1px solid ",
                              [Function],
                              ";
    flex-grow: 1;
    padding: 0 20px 20px 0;
",
                            ],
                          },
                          "displayName": "styled.div",
                          "foldedComponentIds": Array [],
                          "render": [Function],
                          "styledComponentId": "sc-htpNat",
                          "target": "div",
                          "toString": [Function],
                          "warnTooManyClasses": [Function],
                          "withComponent": [Function],
                        }
                      }
                      forwardedRef={null}
                    >
                      <div
                        className="sc-htpNat iGfYlM"
                      >
                        <h2>
                          Bella Goth
                        </h2>
                        <p>
                          Test Subject
                           at 
                          Streich PLC
                        </p>
                        <styled.p>
                          <StyledComponent
                            forwardedComponent={
                              Object {
                                "$$typeof": Symbol(react.forward_ref),
                                "attrs": Array [],
                                "componentStyle": ComponentStyle {
                                  "componentId": "sc-bxivhb",
                                  "isStatic": false,
                                  "lastClassName": "hJmXeG",
                                  "rules": Array [
                                    "
    font-size: 0.875rem;
    color: ",
                                    [Function],
                                    ";
",
                                  ],
                                },
                                "displayName": "styled.p",
                                "foldedComponentIds": Array [],
                                "render": [Function],
                                "styledComponentId": "sc-bxivhb",
                                "target": "p",
                                "toString": [Function],
                                "warnTooManyClasses": [Function],
                                "withComponent": [Function],
                              }
                            }
                            forwardedRef={null}
                          >
                            <p
                              className="sc-bxivhb hJmXeG"
                            >
                              Ut eget dui eleifend, pretium dui at, posuere dui.
                            </p>
                          </StyledComponent>
                        </styled.p>
                      </div>
                    </StyledComponent>
                  </styled.div>
                </li>
              </StyledComponent>
            </styled.li>
          </Employee>
        </ul>
      </StyledComponent>
    </styled.ul>
  </div>
</Fetch>
`;
