// Jest Snapshot v1, https://goo.gl/fbAQLP

exports[`<Fetch /> Renders an error message when fetch fails and matches snapshot 1`] = `
<Fetch>
  <p>
    There has been an error...
  </p>
</Fetch>
`;

exports[`<Fetch /> Renders employee data when successfully fetching and matches snapshot 1`] = `
<Fetch>
  <div>
    <p
      key="123"
    >
      Benjamin Shields
    </p>
    <p
      key="456"
    >
      Gregory Landgraab
    </p>
    <p
      key="789"
    >
      Bella Goth
    </p>
  </div>
</Fetch>
`;
